Archive member included to satisfy reference by file (symbol)

d:/stm32/stm32cubeide/stm32cubeide_1.7.0/stm32cubeide/plugins/com.st.stm32cube.ide.mcu.externaltools.gnu-tools-for-stm32.9-2020-q2-update.win32_2.0.0.202105311346/tools/bin/../lib/gcc/arm-none-eabi/9.3.1/../../../../arm-none-eabi/lib/thumb/v7-m/nofp\libc_nano.a(lib_a-errno.o)
                              ./Core/Src/syscalls.o (__errno)
d:/stm32/stm32cubeide/stm32cubeide_1.7.0/stm32cubeide/plugins/com.st.stm32cube.ide.mcu.externaltools.gnu-tools-for-stm32.9-2020-q2-update.win32_2.0.0.202105311346/tools/bin/../lib/gcc/arm-none-eabi/9.3.1/../../../../arm-none-eabi/lib/thumb/v7-m/nofp\libc_nano.a(lib_a-exit.o)
                              d:/stm32/stm32cubeide/stm32cubeide_1.7.0/stm32cubeide/plugins/com.st.stm32cube.ide.mcu.externaltools.gnu-tools-for-stm32.9-2020-q2-update.win32_2.0.0.202105311346/tools/bin/../lib/gcc/arm-none-eabi/9.3.1/../../../../arm-none-eabi/lib/thumb/v7-m/nofp/crt0.o (exit)
d:/stm32/stm32cubeide/stm32cubeide_1.7.0/stm32cubeide/plugins/com.st.stm32cube.ide.mcu.externaltools.gnu-tools-for-stm32.9-2020-q2-update.win32_2.0.0.202105311346/tools/bin/../lib/gcc/arm-none-eabi/9.3.1/../../../../arm-none-eabi/lib/thumb/v7-m/nofp\libc_nano.a(lib_a-impure.o)
                              d:/stm32/stm32cubeide/stm32cubeide_1.7.0/stm32cubeide/plugins/com.st.stm32cube.ide.mcu.externaltools.gnu-tools-for-stm32.9-2020-q2-update.win32_2.0.0.202105311346/tools/bin/../lib/gcc/arm-none-eabi/9.3.1/../../../../arm-none-eabi/lib/thumb/v7-m/nofp\libc_nano.a(lib_a-exit.o) (_global_impure_ptr)
d:/stm32/stm32cubeide/stm32cubeide_1.7.0/stm32cubeide/plugins/com.st.stm32cube.ide.mcu.externaltools.gnu-tools-for-stm32.9-2020-q2-update.win32_2.0.0.202105311346/tools/bin/../lib/gcc/arm-none-eabi/9.3.1/../../../../arm-none-eabi/lib/thumb/v7-m/nofp\libc_nano.a(lib_a-init.o)
                              d:/stm32/stm32cubeide/stm32cubeide_1.7.0/stm32cubeide/plugins/com.st.stm32cube.ide.mcu.externaltools.gnu-tools-for-stm32.9-2020-q2-update.win32_2.0.0.202105311346/tools/bin/../lib/gcc/arm-none-eabi/9.3.1/../../../../arm-none-eabi/lib/thumb/v7-m/nofp/crt0.o (__libc_init_array)
d:/stm32/stm32cubeide/stm32cubeide_1.7.0/stm32cubeide/plugins/com.st.stm32cube.ide.mcu.externaltools.gnu-tools-for-stm32.9-2020-q2-update.win32_2.0.0.202105311346/tools/bin/../lib/gcc/arm-none-eabi/9.3.1/../../../../arm-none-eabi/lib/thumb/v7-m/nofp\libc_nano.a(lib_a-memset.o)
                              d:/stm32/stm32cubeide/stm32cubeide_1.7.0/stm32cubeide/plugins/com.st.stm32cube.ide.mcu.externaltools.gnu-tools-for-stm32.9-2020-q2-update.win32_2.0.0.202105311346/tools/bin/../lib/gcc/arm-none-eabi/9.3.1/../../../../arm-none-eabi/lib/thumb/v7-m/nofp/crt0.o (memset)

Allocating common symbols
Common symbol       size              file

uwTick              0x4               ./Drivers/STM32F1xx_HAL_Driver/Src/stm32f1xx_hal.o
pFlash              0x20              ./Drivers/STM32F1xx_HAL_Driver/Src/stm32f1xx_hal_flash.o
htim2               0x48              ./Core/Src/main.o

Discarded input sections

 .text          0x0000000000000000        0x0 d:/stm32/stm32cubeide/stm32cubeide_1.7.0/stm32cubeide/plugins/com.st.stm32cube.ide.mcu.externaltools.gnu-tools-for-stm32.9-2020-q2-update.win32_2.0.0.202105311346/tools/bin/../lib/gcc/arm-none-eabi/9.3.1/thumb/v7-m/nofp/crti.o
 .data          0x0000000000000000        0x0 d:/stm32/stm32cubeide/stm32cubeide_1.7.0/stm32cubeide/plugins/com.st.stm32cube.ide.mcu.externaltools.gnu-tools-for-stm32.9-2020-q2-update.win32_2.0.0.202105311346/tools/bin/../lib/gcc/arm-none-eabi/9.3.1/thumb/v7-m/nofp/crti.o
 .bss           0x0000000000000000        0x0 d:/stm32/stm32cubeide/stm32cubeide_1.7.0/stm32cubeide/plugins/com.st.stm32cube.ide.mcu.externaltools.gnu-tools-for-stm32.9-2020-q2-update.win32_2.0.0.202105311346/tools/bin/../lib/gcc/arm-none-eabi/9.3.1/thumb/v7-m/nofp/crti.o
 .data          0x0000000000000000        0x4 d:/stm32/stm32cubeide/stm32cubeide_1.7.0/stm32cubeide/plugins/com.st.stm32cube.ide.mcu.externaltools.gnu-tools-for-stm32.9-2020-q2-update.win32_2.0.0.202105311346/tools/bin/../lib/gcc/arm-none-eabi/9.3.1/thumb/v7-m/nofp/crtbegin.o
 .text          0x0000000000000000       0x7c d:/stm32/stm32cubeide/stm32cubeide_1.7.0/stm32cubeide/plugins/com.st.stm32cube.ide.mcu.externaltools.gnu-tools-for-stm32.9-2020-q2-update.win32_2.0.0.202105311346/tools/bin/../lib/gcc/arm-none-eabi/9.3.1/../../../../arm-none-eabi/lib/thumb/v7-m/nofp/crt0.o
 .data          0x0000000000000000        0x0 d:/stm32/stm32cubeide/stm32cubeide_1.7.0/stm32cubeide/plugins/com.st.stm32cube.ide.mcu.externaltools.gnu-tools-for-stm32.9-2020-q2-update.win32_2.0.0.202105311346/tools/bin/../lib/gcc/arm-none-eabi/9.3.1/../../../../arm-none-eabi/lib/thumb/v7-m/nofp/crt0.o
[...]
Memory Configuration

Name             Origin             Length             Attributes
RAM              0x0000000020000000 0x0000000000002800 xrw
FLASH            0x0000000008000000 0x0000000000008000 xr
*default*        0x0000000000000000 0xffffffffffffffff

Linker script and memory map

LOAD d:/stm32/stm32cubeide/stm32cubeide_1.7.0/stm32cubeide/plugins/com.st.stm32cube.ide.mcu.externaltools.gnu-tools-for-stm32.9-2020-q2-update.win32_2.0.0.202105311346/tools/bin/../lib/gcc/arm-none-eabi/9.3.1/thumb/v7-m/nofp/crti.o
LOAD d:/stm32/stm32cubeide/stm32cubeide_1.7.0/stm32cubeide/plugins/com.st.stm32cube.ide.mcu.externaltools.gnu-tools-for-stm32.9-2020-q2-update.win32_2.0.0.202105311346/tools/bin/../lib/gcc/arm-none-eabi/9.3.1/thumb/v7-m/nofp/crtbegin.o
LOAD d:/stm32/stm32cubeide/stm32cubeide_1.7.0/stm32cubeide/plugins/com.st.stm32cube.ide.mcu.externaltools.gnu-tools-for-stm32.9-2020-q2-update.win32_2.0.0.202105311346/tools/bin/../lib/gcc/arm-none-eabi/9.3.1/../../../../arm-none-eabi/lib/thumb/v7-m/nofp/crt0.o
LOAD ./Core/Src/fsm_automatic.o
LOAD ./Core/Src/fsm_manual.o
LOAD ./Core/Src/fsm_setting.o
LOAD ./Core/Src/global.o
LOAD ./Core/Src/input_processing.o
LOAD ./Core/Src/input_reading.o
LOAD ./Core/Src/led_display.o
LOAD ./Core/Src/main.o
LOAD ./Core/Src/stm32f1xx_hal_msp.o
LOAD ./Core/Src/stm32f1xx_it.o
LOAD ./Core/Src/syscalls.o
LOAD ./Core/Src/sysmem.o
LOAD ./Core/Src/system_stm32f1xx.o
LOAD ./Core/Src/timer.o
LOAD ./Core/Src/traffic.o
LOAD ./Core/Startup/startup_stm32f103c6ux.o
LOAD ./Drivers/STM32F1xx_HAL_Driver/Src/stm32f1xx_hal.o
LOAD ./Drivers/STM32F1xx_HAL_Driver/Src/stm32f1xx_hal_cortex.o
LOAD ./Drivers/STM32F1xx_HAL_Driver/Src/stm32f1xx_hal_dma.o
LOAD ./Drivers/STM32F1xx_HAL_Driver/Src/stm32f1xx_hal_exti.o
LOAD ./Drivers/STM32F1xx_HAL_Driver/Src/stm32f1xx_hal_flash.o
LOAD ./Drivers/STM32F1xx_HAL_Driver/Src/stm32f1xx_hal_flash_ex.o
LOAD ./Drivers/STM32F1xx_HAL_Driver/Src/stm32f1xx_hal_gpio.o
LOAD ./Drivers/STM32F1xx_HAL_Driver/Src/stm32f1xx_hal_gpio_ex.o
LOAD ./Drivers/STM32F1xx_HAL_Driver/Src/stm32f1xx_hal_pwr.o
LOAD ./Drivers/STM32F1xx_HAL_Driver/Src/stm32f1xx_hal_rcc.o
LOAD ./Drivers/STM32F1xx_HAL_Driver/Src/stm32f1xx_hal_rcc_ex.o
LOAD ./Drivers/STM32F1xx_HAL_Driver/Src/stm32f1xx_hal_tim.o
LOAD ./Drivers/STM32F1xx_HAL_Driver/Src/stm32f1xx_hal_tim_ex.o
START GROUP
LOAD d:/stm32/stm32cubeide/stm32cubeide_1.7.0/stm32cubeide/plugins/com.st.stm32cube.ide.mcu.externaltools.gnu-tools-for-stm32.9-2020-q2-update.win32_2.0.0.202105311346/tools/bin/../lib/gcc/arm-none-eabi/9.3.1/../../../../arm-none-eabi/lib/thumb/v7-m/nofp\libc_nano.a
LOAD d:/stm32/stm32cubeide/stm32cubeide_1.7.0/stm32cubeide/plugins/com.st.stm32cube.ide.mcu.externaltools.gnu-tools-for-stm32.9-2020-q2-update.win32_2.0.0.202105311346/tools/bin/../lib/gcc/arm-none-eabi/9.3.1/../../../../arm-none-eabi/lib/thumb/v7-m/nofp\libm.a
END GROUP
START GROUP
LOAD d:/stm32/stm32cubeide/stm32cubeide_1.7.0/stm32cubeide/plugins/com.st.stm32cube.ide.mcu.externaltools.gnu-tools-for-stm32.9-2020-q2-update.win32_2.0.0.202105311346/tools/bin/../lib/gcc/arm-none-eabi/9.3.1/thumb/v7-m/nofp\libgcc.a
LOAD d:/stm32/stm32cubeide/stm32cubeide_1.7.0/stm32cubeide/plugins/com.st.stm32cube.ide.mcu.externaltools.gnu-tools-for-stm32.9-2020-q2-update.win32_2.0.0.202105311346/tools/bin/../lib/gcc/arm-none-eabi/9.3.1/../../../../arm-none-eabi/lib/thumb/v7-m/nofp\libc_nano.a
END GROUP
START GROUP
LOAD d:/stm32/stm32cubeide/stm32cubeide_1.7.0/stm32cubeide/plugins/com.st.stm32cube.ide.mcu.externaltools.gnu-tools-for-stm32.9-2020-q2-update.win32_2.0.0.202105311346/tools/bin/../lib/gcc/arm-none-eabi/9.3.1/thumb/v7-m/nofp\libgcc.a
LOAD d:/stm32/stm32cubeide/stm32cubeide_1.7.0/stm32cubeide/plugins/com.st.stm32cube.ide.mcu.externaltools.gnu-tools-for-stm32.9-2020-q2-update.win32_2.0.0.202105311346/tools/bin/../lib/gcc/arm-none-eabi/9.3.1/../../../../arm-none-eabi/lib/thumb/v7-m/nofp\libc_nano.a
LOAD d:/stm32/stm32cubeide/stm32cubeide_1.7.0/stm32cubeide/plugins/com.st.stm32cube.ide.mcu.externaltools.gnu-tools-for-stm32.9-2020-q2-update.win32_2.0.0.202105311346/tools/bin/../lib/gcc/arm-none-eabi/9.3.1/../../../../arm-none-eabi/lib/thumb/v7-m/nofp\libnosys.a
END GROUP
START GROUP
LOAD d:/stm32/stm32cubeide/stm32cubeide_1.7.0/stm32cubeide/plugins/com.st.stm32cube.ide.mcu.externaltools.gnu-tools-for-stm32.9-2020-q2-update.win32_2.0.0.202105311346/tools/bin/../lib/gcc/arm-none-eabi/9.3.1/thumb/v7-m/nofp\libgcc.a
LOAD d:/stm32/stm32cubeide/stm32cubeide_1.7.0/stm32cubeide/plugins/com.st.stm32cube.ide.mcu.externaltools.gnu-tools-for-stm32.9-2020-q2-update.win32_2.0.0.202105311346/tools/bin/../lib/gcc/arm-none-eabi/9.3.1/../../../../arm-none-eabi/lib/thumb/v7-m/nofp\libc_nano.a
LOAD d:/stm32/stm32cubeide/stm32cubeide_1.7.0/stm32cubeide/plugins/com.st.stm32cube.ide.mcu.externaltools.gnu-tools-for-stm32.9-2020-q2-update.win32_2.0.0.202105311346/tools/bin/../lib/gcc/arm-none-eabi/9.3.1/../../../../arm-none-eabi/lib/thumb/v7-m/nofp\libnosys.a
END GROUP
LOAD d:/stm32/stm32cubeide/stm32cubeide_1.7.0/stm32cubeide/plugins/com.st.stm32cube.ide.mcu.externaltools.gnu-tools-for-stm32.9-2020-q2-update.win32_2.0.0.202105311346/tools/bin/../lib/gcc/arm-none-eabi/9.3.1/thumb/v7-m/nofp/crtend.o
LOAD d:/stm32/stm32cubeide/stm32cubeide_1.7.0/stm32cubeide/plugins/com.st.stm32cube.ide.mcu.externaltools.gnu-tools-for-stm32.9-2020-q2-update.win32_2.0.0.202105311346/tools/bin/../lib/gcc/arm-none-eabi/9.3.1/thumb/v7-m/nofp/crtn.o
                0x0000000020002800                _estack = (ORIGIN (RAM) + LENGTH (RAM))
                0x0000000000000200                _Min_Heap_Size = 0x200
                0x0000000000000400                _Min_Stack_Size = 0x400

.isr_vector     0x0000000008000000      0x10c
                0x0000000008000000                . = ALIGN (0x4)
 *(.isr_vector)
 .isr_vector    0x0000000008000000      0x10c ./Core/Startup/startup_stm32f103c6ux.o
                0x0000000008000000                g_pfnVectors
                0x000000000800010c                . = ALIGN (0x4)

.text           0x000000000800010c     0x2e50
                0x000000000800010c                . = ALIGN (0x4)
 *(.text)
 .text          0x000000000800010c       0x40 d:/stm32/stm32cubeide/stm32cubeide_1.7.0/stm32cubeide/plugins/com.st.stm32cube.ide.mcu.externaltools.gnu-tools-for-stm32.9-2020-q2-update.win32_2.0.0.202105311346/tools/bin/../lib/gcc/arm-none-eabi/9.3.1/thumb/v7-m/nofp/crtbegin.o
 *(.text*)
 .text.fsm_automatic_run
                0x000000000800014c      0x450 ./Core/Src/fsm_automatic.o
                0x000000000800014c                fsm_automatic_run
 .text.fsm_manual_run
                0x000000000800059c      0x564 ./Core/Src/fsm_manual.o
                0x000000000800059c                fsm_manual_run
 .text.fsm_setting_run
                0x0000000008000b00      0x264 ./Core/Src/fsm_setting.o
                0x0000000008000b00                fsm_setting_run
 .text.button_reading
                0x0000000008000d64      0x1e8 ./Core/Src/input_reading.o
                0x0000000008000d64                button_reading
 .text.is_button_pressed_short
                0x0000000008000f4c       0x3c ./Core/Src/input_reading.o
                0x0000000008000f4c                is_button_pressed_short
 .text.is_button_pressed_1s
                0x0000000008000f88       0x3c ./Core/Src/input_reading.o
                0x0000000008000f88                is_button_pressed_1s
 .text.display7SEG
                0x0000000008000fc4       0x40 ./Core/Src/led_display.o
                0x0000000008000fc4                display7SEG
 .text.updateClockBuffer
                0x0000000008001004       0x78 ./Core/Src/led_display.o
                0x0000000008001004                updateClockBuffer
 .text.update7SEG
                0x000000000800107c       0xc4 ./Core/Src/led_display.o
                0x000000000800107c                update7SEG
 .text.scanLed  0x0000000008001140      0x160 ./Core/Src/led_display.o
                0x0000000008001140                scanLed
 .text.main     0x00000000080012a0       0x40 ./Core/Src/main.o
                0x00000000080012a0                main
 .text.SystemClock_Config
                0x00000000080012e0       0x76 ./Core/Src/main.o
                0x00000000080012e0                SystemClock_Config
 *fill*         0x0000000008001356        0x2 
 .text.MX_TIM2_Init
                0x0000000008001358       0x98 ./Core/Src/main.o
 .text.MX_GPIO_Init
                0x00000000080013f0       0xc4 ./Core/Src/main.o
 .text.HAL_TIM_PeriodElapsedCallback
                0x00000000080014b4       0x22 ./Core/Src/main.o
                0x00000000080014b4                HAL_TIM_PeriodElapsedCallback
 .text.Error_Handler
                0x00000000080014d6        0xa ./Core/Src/main.o
                0x00000000080014d6                Error_Handler
 .text.HAL_MspInit
                0x00000000080014e0       0x64 ./Core/Src/stm32f1xx_hal_msp.o
                0x00000000080014e0                HAL_MspInit
 .text.HAL_TIM_Base_MspInit
                0x0000000008001544       0x48 ./Core/Src/stm32f1xx_hal_msp.o
                0x0000000008001544                HAL_TIM_Base_MspInit
 .text.NMI_Handler
                0x000000000800158c        0x6 ./Core/Src/stm32f1xx_it.o
                0x000000000800158c                NMI_Handler
 .text.HardFault_Handler
                0x0000000008001592        0x6 ./Core/Src/stm32f1xx_it.o
                0x0000000008001592                HardFault_Handler
 .text.MemManage_Handler
                0x0000000008001598        0x6 ./Core/Src/stm32f1xx_it.o
                0x0000000008001598                MemManage_Handler
 .text.BusFault_Handler
                0x000000000800159e        0x6 ./Core/Src/stm32f1xx_it.o
                0x000000000800159e                BusFault_Handler
 .text.UsageFault_Handler
                0x00000000080015a4        0x6 ./Core/Src/stm32f1xx_it.o
                0x00000000080015a4                UsageFault_Handler
 .text.SVC_Handler
                0x00000000080015aa        0xc ./Core/Src/stm32f1xx_it.o
                0x00000000080015aa                SVC_Handler
 .text.DebugMon_Handler
                0x00000000080015b6        0xc ./Core/Src/stm32f1xx_it.o
                0x00000000080015b6                DebugMon_Handler
 .text.PendSV_Handler
                0x00000000080015c2        0xc ./Core/Src/stm32f1xx_it.o
                0x00000000080015c2                PendSV_Handler
 .text.SysTick_Handler
                0x00000000080015ce        0xc ./Core/Src/stm32f1xx_it.o
                0x00000000080015ce                SysTick_Handler
 *fill*         0x00000000080015da        0x2 
 .text.TIM2_IRQHandler
                0x00000000080015dc       0x14 ./Core/Src/stm32f1xx_it.o
                0x00000000080015dc                TIM2_IRQHandler
 .text.SystemInit
                0x00000000080015f0        0xc ./Core/Src/system_stm32f1xx.o
                0x00000000080015f0                SystemInit
 .text.setTimer1
                0x00000000080015fc       0x38 ./Core/Src/timer.o
                0x00000000080015fc                setTimer1
 .text.setTimer2
                0x0000000008001634       0x38 ./Core/Src/timer.o
                0x0000000008001634                setTimer2
 .text.setTimer3
                0x000000000800166c       0x38 ./Core/Src/timer.o
                0x000000000800166c                setTimer3
 .text.setTimer4
                0x00000000080016a4       0x38 ./Core/Src/timer.o
                0x00000000080016a4                setTimer4
 .text.timerRun
                0x00000000080016dc       0xac ./Core/Src/timer.o
                0x00000000080016dc                timerRun
 .text.setTrafficRed1
                0x0000000008001788       0x30 ./Core/Src/traffic.o
                0x0000000008001788                setTrafficRed1
 .text.setTrafficAmber1
                0x00000000080017b8       0x30 ./Core/Src/traffic.o
                0x00000000080017b8                setTrafficAmber1
 .text.setTrafficGreen1
                0x00000000080017e8       0x30 ./Core/Src/traffic.o
                0x00000000080017e8                setTrafficGreen1
 .text.setTrafficRed2
                0x0000000008001818       0x30 ./Core/Src/traffic.o
                0x0000000008001818                setTrafficRed2
 .text.setTrafficAmber2
                0x0000000008001848       0x30 ./Core/Src/traffic.o
                0x0000000008001848                setTrafficAmber2
 .text.setTrafficGreen2
                0x0000000008001878       0x30 ./Core/Src/traffic.o
                0x0000000008001878                setTrafficGreen2
 .text.setTrafficOff
                0x00000000080018a8       0x54 ./Core/Src/traffic.o
                0x00000000080018a8                setTrafficOff
 .text.Reset_Handler
                0x00000000080018fc       0x48 ./Core/Startup/startup_stm32f103c6ux.o
                0x00000000080018fc                Reset_Handler
 .text.Default_Handler
                0x0000000008001944        0x2 ./Core/Startup/startup_stm32f103c6ux.o
                0x0000000008001944                RTC_Alarm_IRQHandler
                0x0000000008001944                EXTI2_IRQHandler
                0x0000000008001944                TIM1_CC_IRQHandler
                0x0000000008001944                PVD_IRQHandler
                0x0000000008001944                EXTI3_IRQHandler
                0x0000000008001944                EXTI0_IRQHandler
                0x0000000008001944                ADC1_2_IRQHandler
                0x0000000008001944                SPI1_IRQHandler
                0x0000000008001944                TAMPER_IRQHandler
                0x0000000008001944                DMA1_Channel4_IRQHandler
                0x0000000008001944                RTC_IRQHandler
                0x0000000008001944                DMA1_Channel7_IRQHandler
                0x0000000008001944                CAN1_RX1_IRQHandler
                0x0000000008001944                I2C1_EV_IRQHandler
                0x0000000008001944                DMA1_Channel6_IRQHandler
                0x0000000008001944                TIM3_IRQHandler
                0x0000000008001944                RCC_IRQHandler
                0x0000000008001944                TIM1_TRG_COM_IRQHandler
                0x0000000008001944                DMA1_Channel1_IRQHandler
                0x0000000008001944                Default_Handler
                0x0000000008001944                EXTI15_10_IRQHandler
                0x0000000008001944                EXTI9_5_IRQHandler
                0x0000000008001944                DMA1_Channel5_IRQHandler
                0x0000000008001944                EXTI4_IRQHandler
                0x0000000008001944                USB_LP_CAN1_RX0_IRQHandler
                0x0000000008001944                USB_HP_CAN1_TX_IRQHandler
                0x0000000008001944                DMA1_Channel3_IRQHandler
                0x0000000008001944                TIM1_UP_IRQHandler
                0x0000000008001944                WWDG_IRQHandler
                0x0000000008001944                TIM1_BRK_IRQHandler
                0x0000000008001944                EXTI1_IRQHandler
                0x0000000008001944                USART2_IRQHandler
                0x0000000008001944                DMA1_Channel2_IRQHandler
                0x0000000008001944                CAN1_SCE_IRQHandler
                0x0000000008001944                FLASH_IRQHandler
                0x0000000008001944                USART1_IRQHandler
                0x0000000008001944                I2C1_ER_IRQHandler
                0x0000000008001944                USBWakeUp_IRQHandler
 *fill*         0x0000000008001946        0x2 
 .text.HAL_Init
                0x0000000008001948       0x2c ./Drivers/STM32F1xx_HAL_Driver/Src/stm32f1xx_hal.o
                0x0000000008001948                HAL_Init
 .text.HAL_InitTick
                0x0000000008001974       0x60 ./Drivers/STM32F1xx_HAL_Driver/Src/stm32f1xx_hal.o
                0x0000000008001974                HAL_InitTick
 .text.HAL_IncTick
                0x00000000080019d4       0x24 ./Drivers/STM32F1xx_HAL_Driver/Src/stm32f1xx_hal.o
                0x00000000080019d4                HAL_IncTick
 .text.HAL_GetTick
                0x00000000080019f8       0x14 ./Drivers/STM32F1xx_HAL_Driver/Src/stm32f1xx_hal.o
                0x00000000080019f8                HAL_GetTick
 .text.__NVIC_SetPriorityGrouping
                0x0000000008001a0c       0x48 ./Drivers/STM32F1xx_HAL_Driver/Src/stm32f1xx_hal_cortex.o
 .text.__NVIC_GetPriorityGrouping
                0x0000000008001a54       0x1c ./Drivers/STM32F1xx_HAL_Driver/Src/stm32f1xx_hal_cortex.o
 .text.__NVIC_EnableIRQ
                0x0000000008001a70       0x38 ./Drivers/STM32F1xx_HAL_Driver/Src/stm32f1xx_hal_cortex.o
 .text.__NVIC_SetPriority
                0x0000000008001aa8       0x54 ./Drivers/STM32F1xx_HAL_Driver/Src/stm32f1xx_hal_cortex.o
 .text.NVIC_EncodePriority
                0x0000000008001afc       0x64 ./Drivers/STM32F1xx_HAL_Driver/Src/stm32f1xx_hal_cortex.o
 .text.SysTick_Config
                0x0000000008001b60       0x44 ./Drivers/STM32F1xx_HAL_Driver/Src/stm32f1xx_hal_cortex.o
 .text.HAL_NVIC_SetPriorityGrouping
                0x0000000008001ba4       0x16 ./Drivers/STM32F1xx_HAL_Driver/Src/stm32f1xx_hal_cortex.o
                0x0000000008001ba4                HAL_NVIC_SetPriorityGrouping
 .text.HAL_NVIC_SetPriority
                0x0000000008001bba       0x38 ./Drivers/STM32F1xx_HAL_Driver/Src/stm32f1xx_hal_cortex.o
                0x0000000008001bba                HAL_NVIC_SetPriority
 .text.HAL_NVIC_EnableIRQ
                0x0000000008001bf2       0x1c ./Drivers/STM32F1xx_HAL_Driver/Src/stm32f1xx_hal_cortex.o
                0x0000000008001bf2                HAL_NVIC_EnableIRQ
 .text.HAL_SYSTICK_Config
                0x0000000008001c0e       0x18 ./Drivers/STM32F1xx_HAL_Driver/Src/stm32f1xx_hal_cortex.o
                0x0000000008001c0e                HAL_SYSTICK_Config
 *fill*         0x0000000008001c26        0x2 
 .text.HAL_GPIO_Init
                0x0000000008001c28      0x2f4 ./Drivers/STM32F1xx_HAL_Driver/Src/stm32f1xx_hal_gpio.o
                0x0000000008001c28                HAL_GPIO_Init
 .text.HAL_GPIO_ReadPin
                0x0000000008001f1c       0x2e ./Drivers/STM32F1xx_HAL_Driver/Src/stm32f1xx_hal_gpio.o
                0x0000000008001f1c                HAL_GPIO_ReadPin
 .text.HAL_GPIO_WritePin
                0x0000000008001f4a       0x30 ./Drivers/STM32F1xx_HAL_Driver/Src/stm32f1xx_hal_gpio.o
                0x0000000008001f4a                HAL_GPIO_WritePin
 *fill*         0x0000000008001f7a        0x2 
 .text.HAL_RCC_OscConfig
                0x0000000008001f7c      0x500 ./Drivers/STM32F1xx_HAL_Driver/Src/stm32f1xx_hal_rcc.o
                0x0000000008001f7c                HAL_RCC_OscConfig
 .text.HAL_RCC_ClockConfig
                0x000000000800247c      0x1d4 ./Drivers/STM32F1xx_HAL_Driver/Src/stm32f1xx_hal_rcc.o
                0x000000000800247c                HAL_RCC_ClockConfig
 .text.HAL_RCC_GetSysClockFreq
                0x0000000008002650       0xa8 ./Drivers/STM32F1xx_HAL_Driver/Src/stm32f1xx_hal_rcc.o
                0x0000000008002650                HAL_RCC_GetSysClockFreq
 .text.RCC_Delay
                0x00000000080026f8       0x3c ./Drivers/STM32F1xx_HAL_Driver/Src/stm32f1xx_hal_rcc.o
 .text.HAL_TIM_Base_Init
                0x0000000008002734       0x9e ./Drivers/STM32F1xx_HAL_Driver/Src/stm32f1xx_hal_tim.o
                0x0000000008002734                HAL_TIM_Base_Init
 *fill*         0x00000000080027d2        0x2 
 .text.HAL_TIM_Base_Start_IT
                0x00000000080027d4       0x98 ./Drivers/STM32F1xx_HAL_Driver/Src/stm32f1xx_hal_tim.o
                0x00000000080027d4                HAL_TIM_Base_Start_IT
 .text.HAL_TIM_IRQHandler
                0x000000000800286c      0x1e0 ./Drivers/STM32F1xx_HAL_Driver/Src/stm32f1xx_hal_tim.o
                0x000000000800286c                HAL_TIM_IRQHandler
 .text.HAL_TIM_ConfigClockSource
                0x0000000008002a4c      0x18e ./Drivers/STM32F1xx_HAL_Driver/Src/stm32f1xx_hal_tim.o
                0x0000000008002a4c                HAL_TIM_ConfigClockSource
 .text.HAL_TIM_OC_DelayElapsedCallback
                0x0000000008002bda       0x12 ./Drivers/STM32F1xx_HAL_Driver/Src/stm32f1xx_hal_tim.o
                0x0000000008002bda                HAL_TIM_OC_DelayElapsedCallback
 .text.HAL_TIM_IC_CaptureCallback
                0x0000000008002bec       0x12 ./Drivers/STM32F1xx_HAL_Driver/Src/stm32f1xx_hal_tim.o
                0x0000000008002bec                HAL_TIM_IC_CaptureCallback
 .text.HAL_TIM_PWM_PulseFinishedCallback
                0x0000000008002bfe       0x12 ./Drivers/STM32F1xx_HAL_Driver/Src/stm32f1xx_hal_tim.o
                0x0000000008002bfe                HAL_TIM_PWM_PulseFinishedCallback
 .text.HAL_TIM_TriggerCallback
                0x0000000008002c10       0x12 ./Drivers/STM32F1xx_HAL_Driver/Src/stm32f1xx_hal_tim.o
                0x0000000008002c10                HAL_TIM_TriggerCallback
 *fill*         0x0000000008002c22        0x2 
 .text.TIM_Base_SetConfig
                0x0000000008002c24       0xc8 ./Drivers/STM32F1xx_HAL_Driver/Src/stm32f1xx_hal_tim.o
                0x0000000008002c24                TIM_Base_SetConfig
 .text.TIM_TI1_ConfigInputStage
                0x0000000008002cec       0x5c ./Drivers/STM32F1xx_HAL_Driver/Src/stm32f1xx_hal_tim.o
 .text.TIM_TI2_ConfigInputStage
                0x0000000008002d48       0x5e ./Drivers/STM32F1xx_HAL_Driver/Src/stm32f1xx_hal_tim.o
 .text.TIM_ITRx_SetConfig
                0x0000000008002da6       0x34 ./Drivers/STM32F1xx_HAL_Driver/Src/stm32f1xx_hal_tim.o
 .text.TIM_ETR_SetConfig
                0x0000000008002dda       0x3e ./Drivers/STM32F1xx_HAL_Driver/Src/stm32f1xx_hal_tim.o
                0x0000000008002dda                TIM_ETR_SetConfig
 .text.HAL_TIMEx_MasterConfigSynchronization
                0x0000000008002e18       0xb0 ./Drivers/STM32F1xx_HAL_Driver/Src/stm32f1xx_hal_tim_ex.o
                0x0000000008002e18                HAL_TIMEx_MasterConfigSynchronization
 .text.HAL_TIMEx_CommutCallback
                0x0000000008002ec8       0x12 ./Drivers/STM32F1xx_HAL_Driver/Src/stm32f1xx_hal_tim_ex.o
                0x0000000008002ec8                HAL_TIMEx_CommutCallback
 .text.HAL_TIMEx_BreakCallback
                0x0000000008002eda       0x12 ./Drivers/STM32F1xx_HAL_Driver/Src/stm32f1xx_hal_tim_ex.o
                0x0000000008002eda                HAL_TIMEx_BreakCallback
 .text.__libc_init_array
                0x0000000008002eec       0x48 d:/stm32/stm32cubeide/stm32cubeide_1.7.0/stm32cubeide/plugins/com.st.stm32cube.ide.mcu.externaltools.gnu-tools-for-stm32.9-2020-q2-update.win32_2.0.0.202105311346/tools/bin/../lib/gcc/arm-none-eabi/9.3.1/../../../../arm-none-eabi/lib/thumb/v7-m/nofp\libc_nano.a(lib_a-init.o)
                0x0000000008002eec                __libc_init_array
 .text.memset   0x0000000008002f34       0x10 d:/stm32/stm32cubeide/stm32cubeide_1.7.0/stm32cubeide/plugins/com.st.stm32cube.ide.mcu.externaltools.gnu-tools-for-stm32.9-2020-q2-update.win32_2.0.0.202105311346/tools/bin/../lib/gcc/arm-none-eabi/9.3.1/../../../../arm-none-eabi/lib/thumb/v7-m/nofp\libc_nano.a(lib_a-memset.o)
                0x0000000008002f34                memset
 *(.glue_7)
 .glue_7        0x0000000008002f44        0x0 linker stubs
 *(.glue_7t)
 .glue_7t       0x0000000008002f44        0x0 linker stubs
 *(.eh_frame)
 .eh_frame      0x0000000008002f44        0x0 d:/stm32/stm32cubeide/stm32cubeide_1.7.0/stm32cubeide/plugins/com.st.stm32cube.ide.mcu.externaltools.gnu-tools-for-stm32.9-2020-q2-update.win32_2.0.0.202105311346/tools/bin/../lib/gcc/arm-none-eabi/9.3.1/thumb/v7-m/nofp/crtbegin.o
 *(.init)
 .init          0x0000000008002f44        0x4 d:/stm32/stm32cubeide/stm32cubeide_1.7.0/stm32cubeide/plugins/com.st.stm32cube.ide.mcu.externaltools.gnu-tools-for-stm32.9-2020-q2-update.win32_2.0.0.202105311346/tools/bin/../lib/gcc/arm-none-eabi/9.3.1/thumb/v7-m/nofp/crti.o
                0x0000000008002f44                _init
 .init          0x0000000008002f48        0x8 d:/stm32/stm32cubeide/stm32cubeide_1.7.0/stm32cubeide/plugins/com.st.stm32cube.ide.mcu.externaltools.gnu-tools-for-stm32.9-2020-q2-update.win32_2.0.0.202105311346/tools/bin/../lib/gcc/arm-none-eabi/9.3.1/thumb/v7-m/nofp/crtn.o
 *(.fini)
 .fini          0x0000000008002f50        0x4 d:/stm32/stm32cubeide/stm32cubeide_1.7.0/stm32cubeide/plugins/com.st.stm32cube.ide.mcu.externaltools.gnu-tools-for-stm32.9-2020-q2-update.win32_2.0.0.202105311346/tools/bin/../lib/gcc/arm-none-eabi/9.3.1/thumb/v7-m/nofp/crti.o
                0x0000000008002f50                _fini
 .fini          0x0000000008002f54        0x8 d:/stm32/stm32cubeide/stm32cubeide_1.7.0/stm32cubeide/plugins/com.st.stm32cube.ide.mcu.externaltools.gnu-tools-for-stm32.9-2020-q2-update.win32_2.0.0.202105311346/tools/bin/../lib/gcc/arm-none-eabi/9.3.1/thumb/v7-m/nofp/crtn.o
                0x0000000008002f5c                . = ALIGN (0x4)
                0x0000000008002f5c                _etext = .

.vfp11_veneer   0x0000000008002f5c        0x0
 .vfp11_veneer  0x0000000008002f5c        0x0 linker stubs

.v4_bx          0x0000000008002f5c        0x0
 .v4_bx         0x0000000008002f5c        0x0 linker stubs

.iplt           0x0000000008002f5c        0x0
 .iplt          0x0000000008002f5c        0x0 d:/stm32/stm32cubeide/stm32cubeide_1.7.0/stm32cubeide/plugins/com.st.stm32cube.ide.mcu.externaltools.gnu-tools-for-stm32.9-2020-q2-update.win32_2.0.0.202105311346/tools/bin/../lib/gcc/arm-none-eabi/9.3.1/thumb/v7-m/nofp/crtbegin.o

.rodata         0x0000000008002f5c       0x24
                0x0000000008002f5c                . = ALIGN (0x4)
 *(.rodata)
 *(.rodata*)
 .rodata.AHBPrescTable
                0x0000000008002f5c       0x10 ./Core/Src/system_stm32f1xx.o
                0x0000000008002f5c                AHBPrescTable
 .rodata.aPLLMULFactorTable.6032
                0x0000000008002f6c       0x10 ./Drivers/STM32F1xx_HAL_Driver/Src/stm32f1xx_hal_rcc.o
 .rodata.aPredivFactorTable.6033
                0x0000000008002f7c        0x2 ./Drivers/STM32F1xx_HAL_Driver/Src/stm32f1xx_hal_rcc.o
                0x0000000008002f80                . = ALIGN (0x4)
 *fill*         0x0000000008002f7e        0x2 

.rel.dyn        0x0000000008002f80        0x0
 .rel.iplt      0x0000000008002f80        0x0 d:/stm32/stm32cubeide/stm32cubeide_1.7.0/stm32cubeide/plugins/com.st.stm32cube.ide.mcu.externaltools.gnu-tools-for-stm32.9-2020-q2-update.win32_2.0.0.202105311346/tools/bin/../lib/gcc/arm-none-eabi/9.3.1/thumb/v7-m/nofp/crtbegin.o

.ARM.extab      0x0000000008002f80        0x0
                0x0000000008002f80                . = ALIGN (0x4)
 *(.ARM.extab* .gnu.linkonce.armextab.*)
                0x0000000008002f80                . = ALIGN (0x4)

.ARM            0x0000000008002f80        0x0
                0x0000000008002f80                . = ALIGN (0x4)
                0x0000000008002f80                __exidx_start = .
 *(.ARM.exidx*)
                0x0000000008002f80                __exidx_end = .
                0x0000000008002f80                . = ALIGN (0x4)

.preinit_array  0x0000000008002f80        0x0
                0x0000000008002f80                . = ALIGN (0x4)
                0x0000000008002f80                PROVIDE (__preinit_array_start = .)
 *(.preinit_array*)
                0x0000000008002f80                PROVIDE (__preinit_array_end = .)
                0x0000000008002f80                . = ALIGN (0x4)

.init_array     0x0000000008002f80        0x4
                0x0000000008002f80                . = ALIGN (0x4)
                0x0000000008002f80                PROVIDE (__init_array_start = .)
 *(SORT_BY_NAME(.init_array.*))
 *(.init_array*)
 .init_array    0x0000000008002f80        0x4 d:/stm32/stm32cubeide/stm32cubeide_1.7.0/stm32cubeide/plugins/com.st.stm32cube.ide.mcu.externaltools.gnu-tools-for-stm32.9-2020-q2-update.win32_2.0.0.202105311346/tools/bin/../lib/gcc/arm-none-eabi/9.3.1/thumb/v7-m/nofp/crtbegin.o
                0x0000000008002f84                PROVIDE (__init_array_end = .)
                0x0000000008002f84                . = ALIGN (0x4)

.fini_array     0x0000000008002f84        0x4
                0x0000000008002f84                . = ALIGN (0x4)
                [!provide]                        PROVIDE (__fini_array_start = .)
 *(SORT_BY_NAME(.fini_array.*))
 *(.fini_array*)
 .fini_array    0x0000000008002f84        0x4 d:/stm32/stm32cubeide/stm32cubeide_1.7.0/stm32cubeide/plugins/com.st.stm32cube.ide.mcu.externaltools.gnu-tools-for-stm32.9-2020-q2-update.win32_2.0.0.202105311346/tools/bin/../lib/gcc/arm-none-eabi/9.3.1/thumb/v7-m/nofp/crtbegin.o
                [!provide]                        PROVIDE (__fini_array_end = .)
                0x0000000008002f88                . = ALIGN (0x4)
                0x0000000008002f88                _sidata = LOADADDR (.data)

.data           0x0000000020000000       0x50 load address 0x0000000008002f88
                0x0000000020000000                . = ALIGN (0x4)
                0x0000000020000000                _sdata = .
 *(.data)
 *(.data*)
 .data.timeRED  0x0000000020000000        0x4 ./Core/Src/global.o
                0x0000000020000000                timeRED
 .data.timeGREEN
                0x0000000020000004        0x4 ./Core/Src/global.o
                0x0000000020000004                timeGREEN
 .data.timeAMBER
                0x0000000020000008        0x4 ./Core/Src/global.o
                0x0000000020000008                timeAMBER
 .data.defaultTimeRed
                0x000000002000000c        0x4 ./Core/Src/global.o
                0x000000002000000c                defaultTimeRed
 .data.defaultTimeGreen
                0x0000000020000010        0x4 ./Core/Src/global.o
                0x0000000020000010                defaultTimeGreen
 .data.defaultTimeAmber
                0x0000000020000014        0x4 ./Core/Src/global.o
                0x0000000020000014                defaultTimeAmber
 .data.preTimeRed
                0x0000000020000018        0x4 ./Core/Src/global.o
                0x0000000020000018                preTimeRed
 .data.preTimeGreen
                0x000000002000001c        0x4 ./Core/Src/global.o
                0x000000002000001c                preTimeGreen
 .data.preTimeAmber
                0x0000000020000020        0x4 ./Core/Src/global.o
                0x0000000020000020                preTimeAmber
 .data.tmpRED   0x0000000020000024        0x4 ./Core/Src/global.o
                0x0000000020000024                tmpRED
 .data.tmpGREEN
                0x0000000020000028        0x4 ./Core/Src/global.o
                0x0000000020000028                tmpGREEN
 .data.tmpAMBER
                0x000000002000002c        0x4 ./Core/Src/global.o
                0x000000002000002c                tmpAMBER
 .data.led_matrix
                0x0000000020000030       0x14 ./Core/Src/led_display.o
                0x0000000020000030                led_matrix
 .data.SystemCoreClock
                0x0000000020000044        0x4 ./Core/Src/system_stm32f1xx.o
                0x0000000020000044                SystemCoreClock
 .data.uwTickPrio
                0x0000000020000048        0x4 ./Drivers/STM32F1xx_HAL_Driver/Src/stm32f1xx_hal.o
                0x0000000020000048                uwTickPrio
 .data.uwTickFreq
                0x000000002000004c        0x1 ./Drivers/STM32F1xx_HAL_Driver/Src/stm32f1xx_hal.o
                0x000000002000004c                uwTickFreq
 *(.RamFunc)
 *(.RamFunc*)
                0x0000000020000050                . = ALIGN (0x4)
 *fill*         0x000000002000004d        0x3 
                0x0000000020000050                _edata = .

.igot.plt       0x0000000020000050        0x0 load address 0x0000000008002fd8
 .igot.plt      0x0000000020000050        0x0 d:/stm32/stm32cubeide/stm32cubeide_1.7.0/stm32cubeide/plugins/com.st.stm32cube.ide.mcu.externaltools.gnu-tools-for-stm32.9-2020-q2-update.win32_2.0.0.202105311346/tools/bin/../lib/gcc/arm-none-eabi/9.3.1/thumb/v7-m/nofp/crtbegin.o
                0x0000000020000050                . = ALIGN (0x4)

.bss            0x0000000020000050       0xcc load address 0x0000000008002fd8
                0x0000000020000050                _sbss = .
                0x0000000020000050                __bss_start__ = _sbss
 *(.bss)
 .bss           0x0000000020000050       0x1c d:/stm32/stm32cubeide/stm32cubeide_1.7.0/stm32cubeide/plugins/com.st.stm32cube.ide.mcu.externaltools.gnu-tools-for-stm32.9-2020-q2-update.win32_2.0.0.202105311346/tools/bin/../lib/gcc/arm-none-eabi/9.3.1/thumb/v7-m/nofp/crtbegin.o
 *(.bss*)
 .bss.blink_status
                0x000000002000006c        0x4 ./Core/Src/global.o
                0x000000002000006c                blink_status
 .bss.status    0x0000000020000070        0x4 ./Core/Src/global.o
                0x0000000020000070                status
 .bss.buttonBuffer
                0x0000000020000074        0x3 ./Core/Src/input_reading.o
 *fill*         0x0000000020000077        0x1 
 .bss.previousButtonBuffer
                0x0000000020000078        0x3 ./Core/Src/input_reading.o
 *fill*         0x000000002000007b        0x1 
 .bss.debounceButtonBuffer1
                0x000000002000007c        0x3 ./Core/Src/input_reading.o
 *fill*         0x000000002000007f        0x1 
 .bss.debounceButtonBuffer2
                0x0000000020000080        0x3 ./Core/Src/input_reading.o
 *fill*         0x0000000020000083        0x1 
 .bss.flagForButtonPress1s
                0x0000000020000084        0x3 ./Core/Src/input_reading.o
 *fill*         0x0000000020000087        0x1 
 .bss.flagForButtonPressShort
                0x0000000020000088        0x3 ./Core/Src/input_reading.o
 *fill*         0x000000002000008b        0x1 
 .bss.counterForButtonPress1s
                0x000000002000008c        0x6 ./Core/Src/input_reading.o
 *fill*         0x0000000020000092        0x2 
 .bss.counterForLongPressInterval
                0x0000000020000094        0x6 ./Core/Src/input_reading.o
 *fill*         0x000000002000009a        0x2 
 .bss.led_buffer
                0x000000002000009c       0x10 ./Core/Src/led_display.o
                0x000000002000009c                led_buffer
 .bss.index_led
                0x00000000200000ac        0x4 ./Core/Src/led_display.o
                0x00000000200000ac                index_led
 .bss.timer1_counter
                0x00000000200000b0        0x4 ./Core/Src/timer.o
                0x00000000200000b0                timer1_counter
 .bss.timer1_flag
                0x00000000200000b4        0x4 ./Core/Src/timer.o
                0x00000000200000b4                timer1_flag
 .bss.timer2_counter
                0x00000000200000b8        0x4 ./Core/Src/timer.o
                0x00000000200000b8                timer2_counter
 .bss.timer2_flag
                0x00000000200000bc        0x4 ./Core/Src/timer.o
                0x00000000200000bc                timer2_flag
 .bss.timer3_counter
                0x00000000200000c0        0x4 ./Core/Src/timer.o
                0x00000000200000c0                timer3_counter
 .bss.timer3_flag
                0x00000000200000c4        0x4 ./Core/Src/timer.o
                0x00000000200000c4                timer3_flag
 .bss.timer4_counter
                0x00000000200000c8        0x4 ./Core/Src/timer.o
                0x00000000200000c8                timer4_counter
 .bss.timer4_flag
                0x00000000200000cc        0x4 ./Core/Src/timer.o
                0x00000000200000cc                timer4_flag
 *(COMMON)
 COMMON         0x00000000200000d0       0x48 ./Core/Src/main.o
                0x00000000200000d0                htim2
 COMMON         0x0000000020000118        0x4 ./Drivers/STM32F1xx_HAL_Driver/Src/stm32f1xx_hal.o
                0x0000000020000118                uwTick
                0x000000002000011c                . = ALIGN (0x4)
                0x000000002000011c                _ebss = .
                0x000000002000011c                __bss_end__ = _ebss

._user_heap_stack
                0x000000002000011c      0x604 load address 0x0000000008002fd8
                0x0000000020000120                . = ALIGN (0x8)
 *fill*         0x000000002000011c        0x4 
                [!provide]                        PROVIDE (end = .)
                0x0000000020000120                PROVIDE (_end = .)
                0x0000000020000320                . = (. + _Min_Heap_Size)
 *fill*         0x0000000020000120      0x200 
                0x0000000020000720                . = (. + _Min_Stack_Size)
 *fill*         0x0000000020000320      0x400 
                0x0000000020000720                . = ALIGN (0x8)

/DISCARD/
 libc.a(*)
 libm.a(*)
 libgcc.a(*)

.ARM.attributes
                0x0000000000000000       0x29
 *(.ARM.attributes)
 .ARM.attributes
                0x0000000000000000       0x1d d:/stm32/stm32cubeide/stm32cubeide_1.7.0/stm32cubeide/plugins/com.st.stm32cube.ide.mcu.externaltools.gnu-tools-for-stm32.9-2020-q2-update.win32_2.0.0.202105311346/tools/bin/../lib/gcc/arm-none-eabi/9.3.1/thumb/v7-m/nofp/crti.o
 .ARM.attributes
                0x000000000000001d       0x2d d:/stm32/stm32cubeide/stm32cubeide_1.7.0/stm32cubeide/plugins/com.st.stm32cube.ide.mcu.externaltools.gnu-tools-for-stm32.9-2020-q2-update.win32_2.0.0.202105311346/tools/bin/../lib/gcc/arm-none-eabi/9.3.1/thumb/v7-m/nofp/crtbegin.o
 .ARM.attributes
                0x000000000000004a       0x2d ./Core/Src/fsm_automatic.o
 .ARM.attributes
                0x0000000000000077       0x2d ./Core/Src/fsm_manual.o
 .ARM.attributes
                0x00000000000000a4       0x2d ./Core/Src/fsm_setting.o
 .ARM.attributes
                0x00000000000000d1       0x33 ./Core/Src/global.o
 .ARM.attributes
                0x0000000000000104       0x2d ./Core/Src/input_reading.o
 .ARM.attributes
                0x0000000000000131       0x2d ./Core/Src/led_display.o
 .ARM.attributes
                0x000000000000015e       0x2d ./Core/Src/main.o
 .ARM.attributes
                0x000000000000018b       0x2d ./Core/Src/stm32f1xx_hal_msp.o
 .ARM.attributes
                0x00000000000001b8       0x2d ./Core/Src/stm32f1xx_it.o
 .ARM.attributes
                0x00000000000001e5       0x2d ./Core/Src/system_stm32f1xx.o
 .ARM.attributes
                0x0000000000000212       0x2d ./Core/Src/timer.o
 .ARM.attributes
                0x000000000000023f       0x2d ./Core/Src/traffic.o
 .ARM.attributes
                0x000000000000026c       0x21 ./Core/Startup/startup_stm32f103c6ux.o
 .ARM.attributes
                0x000000000000028d       0x2d ./Drivers/STM32F1xx_HAL_Driver/Src/stm32f1xx_hal.o
 .ARM.attributes
                0x00000000000002ba       0x2d ./Drivers/STM32F1xx_HAL_Driver/Src/stm32f1xx_hal_cortex.o
 .ARM.attributes
                0x00000000000002e7       0x2d ./Drivers/STM32F1xx_HAL_Driver/Src/stm32f1xx_hal_gpio.o
 .ARM.attributes
                0x0000000000000314       0x2d ./Drivers/STM32F1xx_HAL_Driver/Src/stm32f1xx_hal_rcc.o
 .ARM.attributes
                0x0000000000000341       0x2d ./Drivers/STM32F1xx_HAL_Driver/Src/stm32f1xx_hal_tim.o
 .ARM.attributes
                0x000000000000036e       0x2d ./Drivers/STM32F1xx_HAL_Driver/Src/stm32f1xx_hal_tim_ex.o
 .ARM.attributes
                0x000000000000039b       0x2d d:/stm32/stm32cubeide/stm32cubeide_1.7.0/stm32cubeide/plugins/com.st.stm32cube.ide.mcu.externaltools.gnu-tools-for-stm32.9-2020-q2-update.win32_2.0.0.202105311346/tools/bin/../lib/gcc/arm-none-eabi/9.3.1/../../../../arm-none-eabi/lib/thumb/v7-m/nofp\libc_nano.a(lib_a-init.o)
 .ARM.attributes
                0x00000000000003c8       0x2d d:/stm32/stm32cubeide/stm32cubeide_1.7.0/stm32cubeide/plugins/com.st.stm32cube.ide.mcu.externaltools.gnu-tools-for-stm32.9-2020-q2-update.win32_2.0.0.202105311346/tools/bin/../lib/gcc/arm-none-eabi/9.3.1/../../../../arm-none-eabi/lib/thumb/v7-m/nofp\libc_nano.a(lib_a-memset.o)
 .ARM.attributes
                0x00000000000003f5       0x1d d:/stm32/stm32cubeide/stm32cubeide_1.7.0/stm32cubeide/plugins/com.st.stm32cube.ide.mcu.externaltools.gnu-tools-for-stm32.9-2020-q2-update.win32_2.0.0.202105311346/tools/bin/../lib/gcc/arm-none-eabi/9.3.1/thumb/v7-m/nofp/crtn.o
OUTPUT(Ex2_10_Lab3.elf elf32-littlearm)
LOAD linker stubs
LOAD d:/stm32/stm32cubeide/stm32cubeide_1.7.0/stm32cubeide/plugins/com.st.stm32cube.ide.mcu.externaltools.gnu-tools-for-stm32.9-2020-q2-update.win32_2.0.0.202105311346/tools/bin/../lib/gcc/arm-none-eabi/9.3.1/../../../../arm-none-eabi/lib/thumb/v7-m/nofp\libc.a
LOAD d:/stm32/stm32cubeide/stm32cubeide_1.7.0/stm32cubeide/plugins/com.st.stm32cube.ide.mcu.externaltools.gnu-tools-for-stm32.9-2020-q2-update.win32_2.0.0.202105311346/tools/bin/../lib/gcc/arm-none-eabi/9.3.1/../../../../arm-none-eabi/lib/thumb/v7-m/nofp\libm.a
LOAD d:/stm32/stm32cubeide/stm32cubeide_1.7.0/stm32cubeide/plugins/com.st.stm32cube.ide.mcu.externaltools.gnu-tools-for-stm32.9-2020-q2-update.win32_2.0.0.202105311346/tools/bin/../lib/gcc/arm-none-eabi/9.3.1/thumb/v7-m/nofp\libgcc.a

.debug_info     0x0000000000000000     0x9ef8
 .debug_info    0x0000000000000000      0x26a ./Core/Src/fsm_automatic.o
 .debug_info    0x000000000000026a      0x26a ./Core/Src/fsm_manual.o
 .debug_info    0x00000000000004d4      0x26a ./Core/Src/fsm_setting.o
 .debug_info    0x000000000000073e      0x314 ./Core/Src/global.o
 .debug_info    0x0000000000000a52      0x44f ./Core/Src/input_reading.o
 .debug_info    0x0000000000000ea1      0x3f9 ./Core/Src/led_display.o
 .debug_info    0x000000000000129a      0xc6c ./Core/Src/main.o
 .debug_info    0x0000000000001f06      0xa09 ./Core/Src/stm32f1xx_hal_msp.o
 .debug_info    0x000000000000290f      0x7b9 ./Core/Src/stm32f1xx_it.o
 .debug_info    0x00000000000030c8      0x2be ./Core/Src/system_stm32f1xx.o
 .debug_info    0x0000000000003386      0x37e ./Core/Src/timer.o
 .debug_info    0x0000000000003704      0x383 ./Core/Src/traffic.o
 .debug_info    0x0000000000003a87       0x22 ./Core/Startup/startup_stm32f103c6ux.o
 .debug_info    0x0000000000003aa9      0x74c ./Drivers/STM32F1xx_HAL_Driver/Src/stm32f1xx_hal.o
 .debug_info    0x00000000000041f5      0xbbe ./Drivers/STM32F1xx_HAL_Driver/Src/stm32f1xx_hal_cortex.o
 .debug_info    0x0000000000004db3      0x701 ./Drivers/STM32F1xx_HAL_Driver/Src/stm32f1xx_hal_gpio.o
 .debug_info    0x00000000000054b4      0x893 ./Drivers/STM32F1xx_HAL_Driver/Src/stm32f1xx_hal_rcc.o
 .debug_info    0x0000000000005d47     0x2c32 ./Drivers/STM32F1xx_HAL_Driver/Src/stm32f1xx_hal_tim.o
 .debug_info    0x0000000000008979     0x157f ./Drivers/STM32F1xx_HAL_Driver/Src/stm32f1xx_hal_tim_ex.o

.debug_abbrev   0x0000000000000000     0x1c92
 .debug_abbrev  0x0000000000000000       0xb6 ./Core/Src/fsm_automatic.o
 .debug_abbrev  0x00000000000000b6       0xb6 ./Core/Src/fsm_manual.o
 .debug_abbrev  0x000000000000016c       0xb6 ./Core/Src/fsm_setting.o
 .debug_abbrev  0x0000000000000222       0xa9 ./Core/Src/global.o
 .debug_abbrev  0x00000000000002cb      0x152 ./Core/Src/input_reading.o
 .debug_abbrev  0x000000000000041d      0x186 ./Core/Src/led_display.o
 .debug_abbrev  0x00000000000005a3      0x22c ./Core/Src/main.o
 .debug_abbrev  0x00000000000007cf      0x1b7 ./Core/Src/stm32f1xx_hal_msp.o
 .debug_abbrev  0x0000000000000986      0x176 ./Core/Src/stm32f1xx_it.o
 .debug_abbrev  0x0000000000000afc      0x14e ./Core/Src/system_stm32f1xx.o
 .debug_abbrev  0x0000000000000c4a      0x121 ./Core/Src/timer.o
 .debug_abbrev  0x0000000000000d6b       0xf6 ./Core/Src/traffic.o
 .debug_abbrev  0x0000000000000e61       0x12 ./Core/Startup/startup_stm32f103c6ux.o
 .debug_abbrev  0x0000000000000e73      0x1ed ./Drivers/STM32F1xx_HAL_Driver/Src/stm32f1xx_hal.o
 .debug_abbrev  0x0000000000001060      0x313 ./Drivers/STM32F1xx_HAL_Driver/Src/stm32f1xx_hal_cortex.o
 .debug_abbrev  0x0000000000001373      0x1e8 ./Drivers/STM32F1xx_HAL_Driver/Src/stm32f1xx_hal_gpio.o
 .debug_abbrev  0x000000000000155b      0x273 ./Drivers/STM32F1xx_HAL_Driver/Src/stm32f1xx_hal_rcc.o
 .debug_abbrev  0x00000000000017ce      0x25e ./Drivers/STM32F1xx_HAL_Driver/Src/stm32f1xx_hal_tim.o
 .debug_abbrev  0x0000000000001a2c      0x266 ./Drivers/STM32F1xx_HAL_Driver/Src/stm32f1xx_hal_tim_ex.o

.debug_aranges  0x0000000000000000      0xaa0
 .debug_aranges
                0x0000000000000000       0x20 ./Core/Src/fsm_automatic.o
 .debug_aranges
                0x0000000000000020       0x20 ./Core/Src/fsm_manual.o
 .debug_aranges
                0x0000000000000040       0x20 ./Core/Src/fsm_setting.o
 .debug_aranges
                0x0000000000000060       0x18 ./Core/Src/global.o
 .debug_aranges
                0x0000000000000078       0x30 ./Core/Src/input_reading.o
 .debug_aranges
                0x00000000000000a8       0x38 ./Core/Src/led_display.o
 .debug_aranges
                0x00000000000000e0       0x48 ./Core/Src/main.o
 .debug_aranges
                0x0000000000000128       0x30 ./Core/Src/stm32f1xx_hal_msp.o
 .debug_aranges
                0x0000000000000158       0x68 ./Core/Src/stm32f1xx_it.o
 .debug_aranges
                0x00000000000001c0       0x28 ./Core/Src/system_stm32f1xx.o
 .debug_aranges
                0x00000000000001e8       0x40 ./Core/Src/timer.o
 .debug_aranges
                0x0000000000000228       0x50 ./Core/Src/traffic.o
 .debug_aranges
                0x0000000000000278       0x28 ./Core/Startup/startup_stm32f103c6ux.o
 .debug_aranges
                0x00000000000002a0       0xe0 ./Drivers/STM32F1xx_HAL_Driver/Src/stm32f1xx_hal.o
 .debug_aranges
                0x0000000000000380      0x100 ./Drivers/STM32F1xx_HAL_Driver/Src/stm32f1xx_hal_cortex.o
 .debug_aranges
                0x0000000000000480       0x58 ./Drivers/STM32F1xx_HAL_Driver/Src/stm32f1xx_hal_gpio.o
 .debug_aranges
                0x00000000000004d8       0x90 ./Drivers/STM32F1xx_HAL_Driver/Src/stm32f1xx_hal_rcc.o
 .debug_aranges
                0x0000000000000568      0x3d0 ./Drivers/STM32F1xx_HAL_Driver/Src/stm32f1xx_hal_tim.o
 .debug_aranges
                0x0000000000000938      0x168 ./Drivers/STM32F1xx_HAL_Driver/Src/stm32f1xx_hal_tim_ex.o

.debug_ranges   0x0000000000000000      0x970
 .debug_ranges  0x0000000000000000       0x10 ./Core/Src/fsm_automatic.o
 .debug_ranges  0x0000000000000010       0x10 ./Core/Src/fsm_manual.o
 .debug_ranges  0x0000000000000020       0x10 ./Core/Src/fsm_setting.o
 .debug_ranges  0x0000000000000030       0x20 ./Core/Src/input_reading.o
 .debug_ranges  0x0000000000000050       0x28 ./Core/Src/led_display.o
 .debug_ranges  0x0000000000000078       0x38 ./Core/Src/main.o
 .debug_ranges  0x00000000000000b0       0x20 ./Core/Src/stm32f1xx_hal_msp.o
 .debug_ranges  0x00000000000000d0       0x58 ./Core/Src/stm32f1xx_it.o
 .debug_ranges  0x0000000000000128       0x18 ./Core/Src/system_stm32f1xx.o
 .debug_ranges  0x0000000000000140       0x30 ./Core/Src/timer.o
 .debug_ranges  0x0000000000000170       0x40 ./Core/Src/traffic.o
 .debug_ranges  0x00000000000001b0       0x20 ./Core/Startup/startup_stm32f103c6ux.o
 .debug_ranges  0x00000000000001d0       0xd0 ./Drivers/STM32F1xx_HAL_Driver/Src/stm32f1xx_hal.o
 .debug_ranges  0x00000000000002a0       0xf0 ./Drivers/STM32F1xx_HAL_Driver/Src/stm32f1xx_hal_cortex.o
 .debug_ranges  0x0000000000000390       0x48 ./Drivers/STM32F1xx_HAL_Driver/Src/stm32f1xx_hal_gpio.o
 .debug_ranges  0x00000000000003d8       0x80 ./Drivers/STM32F1xx_HAL_Driver/Src/stm32f1xx_hal_rcc.o
 .debug_ranges  0x0000000000000458      0x3c0 ./Drivers/STM32F1xx_HAL_Driver/Src/stm32f1xx_hal_tim.o
 .debug_ranges  0x0000000000000818      0x158 ./Drivers/STM32F1xx_HAL_Driver/Src/stm32f1xx_hal_tim_ex.o

.debug_macro    0x0000000000000000    0x17478
 .debug_macro   0x0000000000000000      0x20c ./Core/Src/fsm_automatic.o
 .debug_macro   0x000000000000020c      0xa9c ./Core/Src/fsm_automatic.o
 .debug_macro   0x0000000000000ca8      0x215 ./Core/Src/fsm_automatic.o
 .debug_macro   0x0000000000000ebd       0x2e ./Core/Src/fsm_automatic.o
 .debug_macro   0x0000000000000eeb       0x22 ./Core/Src/fsm_automatic.o
 .debug_macro   0x0000000000000f0d       0x22 ./Core/Src/fsm_automatic.o
 .debug_macro   0x0000000000000f2f       0x8e ./Core/Src/fsm_automatic.o
 .debug_macro   0x0000000000000fbd       0x51 ./Core/Src/fsm_automatic.o
 .debug_macro   0x000000000000100e      0x103 ./Core/Src/fsm_automatic.o
 .debug_macro   0x0000000000001111       0x6a ./Core/Src/fsm_automatic.o
 .debug_macro   0x000000000000117b      0x1df ./Core/Src/fsm_automatic.o
 .debug_macro   0x000000000000135a       0x1c ./Core/Src/fsm_automatic.o
 .debug_macro   0x0000000000001376       0x22 ./Core/Src/fsm_automatic.o
 .debug_macro   0x0000000000001398       0xc3 ./Core/Src/fsm_automatic.o
 .debug_macro   0x000000000000145b      0xd23 ./Core/Src/fsm_automatic.o
 .debug_macro   0x000000000000217e     0xde75 ./Core/Src/fsm_automatic.o
 .debug_macro   0x000000000000fff3       0x6d ./Core/Src/fsm_automatic.o
 .debug_macro   0x0000000000010060     0x34a2 ./Core/Src/fsm_automatic.o
 .debug_macro   0x0000000000013502      0x174 ./Core/Src/fsm_automatic.o
 .debug_macro   0x0000000000013676       0x5c ./Core/Src/fsm_automatic.o
 .debug_macro   0x00000000000136d2      0x5bc ./Core/Src/fsm_automatic.o
 .debug_macro   0x0000000000013c8e      0x1b7 ./Core/Src/fsm_automatic.o
 .debug_macro   0x0000000000013e45      0x1cb ./Core/Src/fsm_automatic.o
 .debug_macro   0x0000000000014010      0x114 ./Core/Src/fsm_automatic.o
 .debug_macro   0x0000000000014124      0x1b2 ./Core/Src/fsm_automatic.o
 .debug_macro   0x00000000000142d6       0x27 ./Core/Src/fsm_automatic.o
 .debug_macro   0x00000000000142fd      0x12f ./Core/Src/fsm_automatic.o
 .debug_macro   0x000000000001442c      0x1bc ./Core/Src/fsm_automatic.o
 .debug_macro   0x00000000000145e8       0x34 ./Core/Src/fsm_automatic.o
 .debug_macro   0x000000000001461c       0x3c ./Core/Src/fsm_automatic.o
 .debug_macro   0x0000000000014658       0x57 ./Core/Src/fsm_automatic.o
 .debug_macro   0x00000000000146af       0x87 ./Core/Src/fsm_automatic.o
 .debug_macro   0x0000000000014736      0x183 ./Core/Src/fsm_automatic.o
 .debug_macro   0x00000000000148b9      0x140 ./Core/Src/fsm_automatic.o
 .debug_macro   0x00000000000149f9      0x8ed ./Core/Src/fsm_automatic.o
 .debug_macro   0x00000000000152e6       0x69 ./Core/Src/fsm_automatic.o
 .debug_macro   0x000000000001534f       0xf4 ./Core/Src/fsm_automatic.o
 .debug_macro   0x0000000000015443       0x16 ./Core/Src/fsm_automatic.o
 .debug_macro   0x0000000000015459       0x4c ./Core/Src/fsm_automatic.o
 .debug_macro   0x00000000000154a5      0x20c ./Core/Src/fsm_manual.o
 .debug_macro   0x00000000000156b1      0x212 ./Core/Src/fsm_setting.o
 .debug_macro   0x00000000000158c3      0x208 ./Core/Src/global.o
 .debug_macro   0x0000000000015acb      0x226 ./Core/Src/input_reading.o
 .debug_macro   0x0000000000015cf1      0x212 ./Core/Src/led_display.o
 .debug_macro   0x0000000000015f03       0x10 ./Core/Src/led_display.o
 .debug_macro   0x0000000000015f13      0x22a ./Core/Src/main.o
 .debug_macro   0x000000000001613d      0x1a6 ./Core/Src/stm32f1xx_hal_msp.o
 .debug_macro   0x00000000000162e3      0x1b0 ./Core/Src/stm32f1xx_it.o
 .debug_macro   0x0000000000016493      0x197 ./Core/Src/system_stm32f1xx.o
 .debug_macro   0x000000000001662a      0x216 ./Core/Src/timer.o
 .debug_macro   0x0000000000016840      0x20c ./Core/Src/traffic.o
 .debug_macro   0x0000000000016a4c      0x1bb ./Drivers/STM32F1xx_HAL_Driver/Src/stm32f1xx_hal.o
 .debug_macro   0x0000000000016c07      0x197 ./Drivers/STM32F1xx_HAL_Driver/Src/stm32f1xx_hal_cortex.o
 .debug_macro   0x0000000000016d9e      0x202 ./Drivers/STM32F1xx_HAL_Driver/Src/stm32f1xx_hal_gpio.o
 .debug_macro   0x0000000000016fa0      0x1a9 ./Drivers/STM32F1xx_HAL_Driver/Src/stm32f1xx_hal_rcc.o
 .debug_macro   0x0000000000017149      0x198 ./Drivers/STM32F1xx_HAL_Driver/Src/stm32f1xx_hal_tim.o
 .debug_macro   0x00000000000172e1      0x197 ./Drivers/STM32F1xx_HAL_Driver/Src/stm32f1xx_hal_tim_ex.o

.debug_line     0x0000000000000000     0xda5f
 .debug_line    0x0000000000000000      0x898 ./Core/Src/fsm_automatic.o
 .debug_line    0x0000000000000898      0x972 ./Core/Src/fsm_manual.o
 .debug_line    0x000000000000120a      0x86f ./Core/Src/fsm_setting.o
 .debug_line    0x0000000000001a79      0x731 ./Core/Src/global.o
 .debug_line    0x00000000000021aa      0x86f ./Core/Src/input_reading.o
 .debug_line    0x0000000000002a19      0x85b ./Core/Src/led_display.o
 .debug_line    0x0000000000003274      0x899 ./Core/Src/main.o
 .debug_line    0x0000000000003b0d      0x710 ./Core/Src/stm32f1xx_hal_msp.o
 .debug_line    0x000000000000421d      0x7ae ./Core/Src/stm32f1xx_it.o
 .debug_line    0x00000000000049cb      0x752 ./Core/Src/system_stm32f1xx.o
 .debug_line    0x000000000000511d      0x800 ./Core/Src/timer.o
 .debug_line    0x000000000000591d      0x7e4 ./Core/Src/traffic.o
 .debug_line    0x0000000000006101       0x86 ./Core/Startup/startup_stm32f103c6ux.o
 .debug_line    0x0000000000006187      0x97f ./Drivers/STM32F1xx_HAL_Driver/Src/stm32f1xx_hal.o
 .debug_line    0x0000000000006b06      0xb67 ./Drivers/STM32F1xx_HAL_Driver/Src/stm32f1xx_hal_cortex.o
 .debug_line    0x000000000000766d      0xa02 ./Drivers/STM32F1xx_HAL_Driver/Src/stm32f1xx_hal_gpio.o
 .debug_line    0x000000000000806f      0xd8b ./Drivers/STM32F1xx_HAL_Driver/Src/stm32f1xx_hal_rcc.o
 .debug_line    0x0000000000008dfa     0x33d0 ./Drivers/STM32F1xx_HAL_Driver/Src/stm32f1xx_hal_tim.o
 .debug_line    0x000000000000c1ca     0x1895 ./Drivers/STM32F1xx_HAL_Driver/Src/stm32f1xx_hal_tim_ex.o

.debug_str      0x0000000000000000    0x8267e
 .debug_str     0x0000000000000000    0x7f996 ./Core/Src/fsm_automatic.o
                                      0x7fcd1 (size before relaxing)
 .debug_str     0x000000000007f996       0x28 ./Core/Src/fsm_manual.o
                                      0x7fccb (size before relaxing)
 .debug_str     0x000000000007f9be       0x3e ./Core/Src/fsm_setting.o
                                      0x7fce1 (size before relaxing)
 .debug_str     0x000000000007f9fc       0x15 ./Core/Src/global.o
                                      0x7fcb8 (size before relaxing)
 .debug_str     0x000000000007fa11      0x19f ./Core/Src/input_reading.o
                                      0x7fe67 (size before relaxing)
 .debug_str     0x000000000007fbb0       0x8c ./Core/Src/led_display.o
                                      0x7fd66 (size before relaxing)
 .debug_str     0x000000000007fc3c      0x6df ./Core/Src/main.o
                                      0x8048d (size before relaxing)
 .debug_str     0x000000000008031b      0x2ba ./Core/Src/stm32f1xx_hal_msp.o
                                      0x80291 (size before relaxing)
 .debug_str     0x00000000000805d5       0xcd ./Core/Src/stm32f1xx_it.o
                                      0x7fff3 (size before relaxing)
 .debug_str     0x00000000000806a2       0x52 ./Core/Src/system_stm32f1xx.o
                                      0x7f799 (size before relaxing)
 .debug_str     0x00000000000806f4       0x99 ./Core/Src/timer.o
                                      0x7fd3c (size before relaxing)
 .debug_str     0x000000000008078d       0x86 ./Core/Src/traffic.o
                                      0x7fd70 (size before relaxing)
 .debug_str     0x0000000000080813       0x36 ./Core/Startup/startup_stm32f103c6ux.o
                                         0x8d (size before relaxing)
 .debug_str     0x0000000000080849      0x304 ./Drivers/STM32F1xx_HAL_Driver/Src/stm32f1xx_hal.o
                                      0x7fdf0 (size before relaxing)
 .debug_str     0x0000000000080b4d      0x300 ./Drivers/STM32F1xx_HAL_Driver/Src/stm32f1xx_hal_cortex.o
                                      0x7fdf8 (size before relaxing)
 .debug_str     0x0000000000080e4d      0x316 ./Drivers/STM32F1xx_HAL_Driver/Src/stm32f1xx_hal_gpio.o
                                      0x7fb5d (size before relaxing)
 .debug_str     0x0000000000081163      0x24f ./Drivers/STM32F1xx_HAL_Driver/Src/stm32f1xx_hal_rcc.o
                                      0x7fb96 (size before relaxing)
 .debug_str     0x00000000000813b2      0xdde ./Drivers/STM32F1xx_HAL_Driver/Src/stm32f1xx_hal_tim.o
                                      0x80b7f (size before relaxing)
 .debug_str     0x0000000000082190      0x4ee ./Drivers/STM32F1xx_HAL_Driver/Src/stm32f1xx_hal_tim_ex.o
                                      0x80320 (size before relaxing)

.comment        0x0000000000000000       0x53
 .comment       0x0000000000000000       0x53 ./Core/Src/fsm_automatic.o
                                         0x54 (size before relaxing)
 .comment       0x0000000000000053       0x54 ./Core/Src/fsm_manual.o
 .comment       0x0000000000000053       0x54 ./Core/Src/fsm_setting.o
 .comment       0x0000000000000053       0x54 ./Core/Src/global.o
 .comment       0x0000000000000053       0x54 ./Core/Src/input_reading.o
 .comment       0x0000000000000053       0x54 ./Core/Src/led_display.o
 .comment       0x0000000000000053       0x54 ./Core/Src/main.o
 .comment       0x0000000000000053       0x54 ./Core/Src/stm32f1xx_hal_msp.o
 .comment       0x0000000000000053       0x54 ./Core/Src/stm32f1xx_it.o
 .comment       0x0000000000000053       0x54 ./Core/Src/system_stm32f1xx.o
 .comment       0x0000000000000053       0x54 ./Core/Src/timer.o
 .comment       0x0000000000000053       0x54 ./Core/Src/traffic.o
 .comment       0x0000000000000053       0x54 ./Drivers/STM32F1xx_HAL_Driver/Src/stm32f1xx_hal.o
 .comment       0x0000000000000053       0x54 ./Drivers/STM32F1xx_HAL_Driver/Src/stm32f1xx_hal_cortex.o
 .comment       0x0000000000000053       0x54 ./Drivers/STM32F1xx_HAL_Driver/Src/stm32f1xx_hal_gpio.o
 .comment       0x0000000000000053       0x54 ./Drivers/STM32F1xx_HAL_Driver/Src/stm32f1xx_hal_rcc.o
 .comment       0x0000000000000053       0x54 ./Drivers/STM32F1xx_HAL_Driver/Src/stm32f1xx_hal_tim.o
 .comment       0x0000000000000053       0x54 ./Drivers/STM32F1xx_HAL_Driver/Src/stm32f1xx_hal_tim_ex.o

.debug_frame    0x0000000000000000     0x290c
 .debug_frame   0x0000000000000000       0x2c ./Core/Src/fsm_automatic.o
 .debug_frame   0x000000000000002c       0x2c ./Core/Src/fsm_manual.o
 .debug_frame   0x0000000000000058       0x2c ./Core/Src/fsm_setting.o
 .debug_frame   0x0000000000000084       0x84 ./Core/Src/input_reading.o
 .debug_frame   0x0000000000000108       0x9c ./Core/Src/led_display.o
 .debug_frame   0x00000000000001a4       0xd4 ./Core/Src/main.o
 .debug_frame   0x0000000000000278       0x80 ./Core/Src/stm32f1xx_hal_msp.o
 .debug_frame   0x00000000000002f8      0x120 ./Core/Src/stm32f1xx_it.o
 .debug_frame   0x0000000000000418       0x58 ./Core/Src/system_stm32f1xx.o
 .debug_frame   0x0000000000000470       0xd0 ./Core/Src/timer.o
 .debug_frame   0x0000000000000540       0xd4 ./Core/Src/traffic.o
 .debug_frame   0x0000000000000614      0x334 ./Drivers/STM32F1xx_HAL_Driver/Src/stm32f1xx_hal.o
 .debug_frame   0x0000000000000948      0x428 ./Drivers/STM32F1xx_HAL_Driver/Src/stm32f1xx_hal_cortex.o
 .debug_frame   0x0000000000000d70      0x14c ./Drivers/STM32F1xx_HAL_Driver/Src/stm32f1xx_hal_gpio.o
 .debug_frame   0x0000000000000ebc      0x218 ./Drivers/STM32F1xx_HAL_Driver/Src/stm32f1xx_hal_rcc.o
 .debug_frame   0x00000000000010d4     0x11b4 ./Drivers/STM32F1xx_HAL_Driver/Src/stm32f1xx_hal_tim.o
 .debug_frame   0x0000000000002288      0x638 ./Drivers/STM32F1xx_HAL_Driver/Src/stm32f1xx_hal_tim_ex.o
 .debug_frame   0x00000000000028c0       0x2c d:/stm32/stm32cubeide/stm32cubeide_1.7.0/stm32cubeide/plugins/com.st.stm32cube.ide.mcu.externaltools.gnu-tools-for-stm32.9-2020-q2-update.win32_2.0.0.202105311346/tools/bin/../lib/gcc/arm-none-eabi/9.3.1/../../../../arm-none-eabi/lib/thumb/v7-m/nofp\libc_nano.a(lib_a-init.o)
 .debug_frame   0x00000000000028ec       0x20 d:/stm32/stm32cubeide/stm32cubeide_1.7.0/stm32cubeide/plugins/com.st.stm32cube.ide.mcu.externaltools.gnu-tools-for-stm32.9-2020-q2-update.win32_2.0.0.202105311346/tools/bin/../lib/gcc/arm-none-eabi/9.3.1/../../../../arm-none-eabi/lib/thumb/v7-m/nofp\libc_nano.a(lib_a-memset.o)
